// Jest Snapshot v1, https://goo.gl/fbAQLP

exports[`renders 1`] = `
<RCTScrollView
  containerStyle={
    Object {
      "alignItems": "center",
      "backgroundColor": "#F5F5F5",
      "flex": 1,
      "paddingTop": 32,
    }
  }
  style={
    Object {
      "backgroundColor": "#F5F5F5",
    }
  }
>
  <View>
    <View
      style={undefined}
    >
      <Text
        accessible={true}
        allowFontScaling={true}
        ellipsizeMode="tail"
        style={undefined}
      >
        Today
      </Text>
    </View>
    <View
      style={undefined}
    >
      <Text
        accessible={true}
        allowFontScaling={true}
        ellipsizeMode="tail"
        style={undefined}
      >
        Today's progress
      </Text>
      <View
        style={
          Array [
            undefined,
            Object {
              "width": 458.75,
            },
          ]
        }
      />
      <View
        style={undefined}
      />
      <View
        style={undefined}
      >
        <View
          style={undefined}
        >
          <Text
            accessible={true}
            allowFontScaling={true}
            ellipsizeMode="tail"
            style={undefined}
          >
            5/8
          </Text>
          <Text
            accessible={true}
            allowFontScaling={true}
            ellipsizeMode="tail"
            style={undefined}
          >
            Food
          </Text>
        </View>
        <View
          style={undefined}
        >
          <Text
            accessible={true}
            allowFontScaling={true}
            ellipsizeMode="tail"
            style={undefined}
          >
            5/8
          </Text>
          <Text
            accessible={true}
            allowFontScaling={true}
            ellipsizeMode="tail"
            style={undefined}
          >
            Beverages
          </Text>
        </View>
        <View
          style={undefined}
        >
          <Text
            accessible={true}
            allowFontScaling={true}
            ellipsizeMode="tail"
            style={undefined}
          >
            5/8
          </Text>
          <Text
            accessible={true}
            allowFontScaling={true}
            ellipsizeMode="tail"
            style={undefined}
          >
            Exercises
          </Text>
        </View>
      </View>
    </View>
    <View
      style={
        Array [
          Object {
            "alignItems": "flex-start",
            "backgroundColor": "#FFFFFF",
            "justifyContent": "center",
            "marginBottom": 16,
            "marginHorizontal": 8,
            "padding": 8,
            "shadowColor": "#292B2C",
            "shadowOffset": Object {
              "height": 3,
              "width": 3,
            },
            "shadowOpacity": 0.16,
            "shadowRadius": 3,
            "width": 734,
          },
          Object {
            "alignItems": "center",
            "flexDirection": "row",
            "justifyContent": "flex-start",
          },
        ]
      }
    >
      <View
        style={
          Object {
            "alignItems": "center",
            "borderColor": "#F5F5F5",
            "borderRadius": 26,
            "borderWidth": 2,
            "height": 52,
            "justifyContent": "center",
            "marginRight": 8,
            "width": 52,
          }
        }
      >
        <Image
          source={
            Object {
              "uri": "https://raw.githubusercontent.com/nutritionfactsorg/daily-dozen-android/master/app/src/main/res/drawable-xxxhdpi/ic_beans.png",
            }
          }
          style={
            Object {
              "height": 30,
              "width": 30,
            }
          }
        />
      </View>
      <View
        style={
          Object {
            "flex": 1,
          }
        }
      >
        <Text
          accessible={true}
          allowFontScaling={true}
          ellipsizeMode="tail"
          style={
            Object {
              "fontSize": 14,
              "fontWeight": "bold",
            }
          }
        >
          Beans
        </Text>
        <View
          style={
            Array [
              Object {
                "backgroundColor": "#00B1B3",
                "borderRadius": 4,
                "height": 16,
                "marginVertical": 8,
                "width": 367,
              },
              Object {
                "backgroundColor": "#A0CC71",
                "height": 8,
                "marginVertical": 4,
              },
              Object {
                "width": 0,
              },
            ]
          }
        />
        <View
          style={
            Array [
              Object {
                "backgroundColor": "#F5F5F5",
                "borderRadius": 4,
                "height": 16,
                "marginBottom": -16,
                "top": -24,
                "width": 718,
                "zIndex": -1,
              },
              Object {
                "borderRadius": 2,
                "height": 8,
                "marginBottom": -8,
                "top": -12,
                "width": 572,
              },
            ]
          }
        />
        <Text
          accessible={true}
          allowFontScaling={true}
          ellipsizeMode="tail"
          style={undefined}
        >
          0
          /
          3
           Servings
        </Text>
      </View>
      <View
        accessibilityComponentType={undefined}
        accessibilityLabel={undefined}
        accessibilityTraits={undefined}
        accessible={true}
        hitSlop={undefined}
        isTVSelectable={true}
        onLayout={undefined}
        onResponderGrant={[Function]}
        onResponderMove={[Function]}
        onResponderRelease={[Function]}
        onResponderTerminate={[Function]}
        onResponderTerminationRequest={[Function]}
        onStartShouldSetResponder={[Function]}
        style={
          Object {
            "alignItems": "center",
            "borderColor": "#F5F5F5",
            "borderRadius": 16,
            "borderWidth": 2,
            "height": 32,
            "justifyContent": "center",
            "marginHorizontal": 4,
            "opacity": 1,
            "width": 32,
          }
        }
        testID={undefined}
        tvParallaxProperties={undefined}
      >
        <Text
          accessible={true}
          allowFontScaling={true}
          ellipsizeMode="tail"
          style={
            Object {
              "color": "#CCCCCC",
            }
          }
        >
          -
        </Text>
      </View>
      <View
        accessibilityComponentType={undefined}
        accessibilityLabel={undefined}
        accessibilityTraits={undefined}
        accessible={true}
        hitSlop={undefined}
        isTVSelectable={true}
        onLayout={undefined}
        onResponderGrant={[Function]}
        onResponderMove={[Function]}
        onResponderRelease={[Function]}
        onResponderTerminate={[Function]}
        onResponderTerminationRequest={[Function]}
        onStartShouldSetResponder={[Function]}
        style={
          Object {
            "alignItems": "center",
            "backgroundColor": "#A0CC71",
            "borderRadius": 16,
            "height": 32,
            "justifyContent": "center",
            "marginHorizontal": 4,
            "opacity": 1,
            "width": 32,
          }
        }
        testID={undefined}
        tvParallaxProperties={undefined}
      >
        <Text
          accessible={true}
          allowFontScaling={true}
          ellipsizeMode="tail"
          style={
            Object {
              "color": "#FFFFFF",
            }
          }
        >
          +
        </Text>
      </View>
    </View>
    <View
      style={
        Array [
          Object {
            "alignItems": "flex-start",
            "backgroundColor": "#FFFFFF",
            "justifyContent": "center",
            "marginBottom": 16,
            "marginHorizontal": 8,
            "padding": 8,
            "shadowColor": "#292B2C",
            "shadowOffset": Object {
              "height": 3,
              "width": 3,
            },
            "shadowOpacity": 0.16,
            "shadowRadius": 3,
            "width": 734,
          },
          Object {
            "alignItems": "center",
            "flexDirection": "row",
            "justifyContent": "flex-start",
          },
        ]
      }
    >
      <View
        style={
          Object {
            "alignItems": "center",
            "borderColor": "#F5F5F5",
            "borderRadius": 26,
            "borderWidth": 2,
            "height": 52,
            "justifyContent": "center",
            "marginRight": 8,
            "width": 52,
          }
        }
      >
        <Image
          source={
            Object {
              "uri": "https://raw.githubusercontent.com/nutritionfactsorg/daily-dozen-android/master/app/src/main/res/drawable-xxxhdpi/ic_beans.png",
            }
          }
          style={
            Object {
              "height": 30,
              "width": 30,
            }
          }
        />
      </View>
      <View
        style={
          Object {
            "flex": 1,
          }
        }
      >
        <Text
          accessible={true}
          allowFontScaling={true}
          ellipsizeMode="tail"
          style={
            Object {
              "fontSize": 14,
              "fontWeight": "bold",
            }
          }
        >
          Beverages
        </Text>
        <View
          style={
            Array [
              Object {
                "backgroundColor": "#00B1B3",
                "borderRadius": 4,
                "height": 16,
                "marginVertical": 8,
                "width": 367,
              },
              Object {
                "backgroundColor": "#A0CC71",
                "height": 8,
                "marginVertical": 4,
              },
              Object {
                "width": 0,
              },
            ]
          }
        />
        <View
          style={
            Array [
              Object {
                "backgroundColor": "#F5F5F5",
                "borderRadius": 4,
                "height": 16,
                "marginBottom": -16,
                "top": -24,
                "width": 718,
                "zIndex": -1,
              },
              Object {
                "borderRadius": 2,
                "height": 8,
                "marginBottom": -8,
                "top": -12,
                "width": 572,
              },
            ]
          }
        />
        <Text
          accessible={true}
          allowFontScaling={true}
          ellipsizeMode="tail"
          style={undefined}
        >
          0
          /
          2
           Servings
        </Text>
      </View>
      <View
        accessibilityComponentType={undefined}
        accessibilityLabel={undefined}
        accessibilityTraits={undefined}
        accessible={true}
        hitSlop={undefined}
        isTVSelectable={true}
        onLayout={undefined}
        onResponderGrant={[Function]}
        onResponderMove={[Function]}
        onResponderRelease={[Function]}
        onResponderTerminate={[Function]}
        onResponderTerminationRequest={[Function]}
        onStartShouldSetResponder={[Function]}
        style={
          Object {
            "alignItems": "center",
            "borderColor": "#F5F5F5",
            "borderRadius": 16,
            "borderWidth": 2,
            "height": 32,
            "justifyContent": "center",
            "marginHorizontal": 4,
            "opacity": 1,
            "width": 32,
          }
        }
        testID={undefined}
        tvParallaxProperties={undefined}
      >
        <Text
          accessible={true}
          allowFontScaling={true}
          ellipsizeMode="tail"
          style={
            Object {
              "color": "#CCCCCC",
            }
          }
        >
          -
        </Text>
      </View>
      <View
        accessibilityComponentType={undefined}
        accessibilityLabel={undefined}
        accessibilityTraits={undefined}
        accessible={true}
        hitSlop={undefined}
        isTVSelectable={true}
        onLayout={undefined}
        onResponderGrant={[Function]}
        onResponderMove={[Function]}
        onResponderRelease={[Function]}
        onResponderTerminate={[Function]}
        onResponderTerminationRequest={[Function]}
        onStartShouldSetResponder={[Function]}
        style={
          Object {
            "alignItems": "center",
            "backgroundColor": "#A0CC71",
            "borderRadius": 16,
            "height": 32,
            "justifyContent": "center",
            "marginHorizontal": 4,
            "opacity": 1,
            "width": 32,
          }
        }
        testID={undefined}
        tvParallaxProperties={undefined}
      >
        <Text
          accessible={true}
          allowFontScaling={true}
          ellipsizeMode="tail"
          style={
            Object {
              "color": "#FFFFFF",
            }
          }
        >
          +
        </Text>
      </View>
    </View>
    <View
      style={
        Array [
          Object {
            "alignItems": "flex-start",
            "backgroundColor": "#FFFFFF",
            "justifyContent": "center",
            "marginBottom": 16,
            "marginHorizontal": 8,
            "padding": 8,
            "shadowColor": "#292B2C",
            "shadowOffset": Object {
              "height": 3,
              "width": 3,
            },
            "shadowOpacity": 0.16,
            "shadowRadius": 3,
            "width": 734,
          },
          Object {
            "alignItems": "center",
            "flexDirection": "row",
            "justifyContent": "flex-start",
          },
        ]
      }
    >
      <View
        style={
          Object {
            "alignItems": "center",
            "borderColor": "#F5F5F5",
            "borderRadius": 26,
            "borderWidth": 2,
            "height": 52,
            "justifyContent": "center",
            "marginRight": 8,
            "width": 52,
          }
        }
      >
        <Image
          source={
            Object {
              "uri": "https://raw.githubusercontent.com/nutritionfactsorg/daily-dozen-android/master/app/src/main/res/drawable-xxxhdpi/ic_beans.png",
            }
          }
          style={
            Object {
              "height": 30,
              "width": 30,
            }
          }
        />
      </View>
      <View
        style={
          Object {
            "flex": 1,
          }
        }
      >
        <Text
          accessible={true}
          allowFontScaling={true}
          ellipsizeMode="tail"
          style={
            Object {
              "fontSize": 14,
              "fontWeight": "bold",
            }
          }
        >
          Berries
        </Text>
        <View
          style={
            Array [
              Object {
                "backgroundColor": "#00B1B3",
                "borderRadius": 4,
                "height": 16,
                "marginVertical": 8,
                "width": 367,
              },
              Object {
                "backgroundColor": "#A0CC71",
                "height": 8,
                "marginVertical": 4,
              },
              Object {
                "width": 0,
              },
            ]
          }
        />
        <View
          style={
            Array [
              Object {
                "backgroundColor": "#F5F5F5",
                "borderRadius": 4,
                "height": 16,
                "marginBottom": -16,
                "top": -24,
                "width": 718,
                "zIndex": -1,
              },
              Object {
                "borderRadius": 2,
                "height": 8,
                "marginBottom": -8,
                "top": -12,
                "width": 572,
              },
            ]
          }
        />
        <Text
          accessible={true}
          allowFontScaling={true}
          ellipsizeMode="tail"
          style={undefined}
        >
          0
          /
          3
           Servings
        </Text>
      </View>
      <View
        accessibilityComponentType={undefined}
        accessibilityLabel={undefined}
        accessibilityTraits={undefined}
        accessible={true}
        hitSlop={undefined}
        isTVSelectable={true}
        onLayout={undefined}
        onResponderGrant={[Function]}
        onResponderMove={[Function]}
        onResponderRelease={[Function]}
        onResponderTerminate={[Function]}
        onResponderTerminationRequest={[Function]}
        onStartShouldSetResponder={[Function]}
        style={
          Object {
            "alignItems": "center",
            "borderColor": "#F5F5F5",
            "borderRadius": 16,
            "borderWidth": 2,
            "height": 32,
            "justifyContent": "center",
            "marginHorizontal": 4,
            "opacity": 1,
            "width": 32,
          }
        }
        testID={undefined}
        tvParallaxProperties={undefined}
      >
        <Text
          accessible={true}
          allowFontScaling={true}
          ellipsizeMode="tail"
          style={
            Object {
              "color": "#CCCCCC",
            }
          }
        >
          -
        </Text>
      </View>
      <View
        accessibilityComponentType={undefined}
        accessibilityLabel={undefined}
        accessibilityTraits={undefined}
        accessible={true}
        hitSlop={undefined}
        isTVSelectable={true}
        onLayout={undefined}
        onResponderGrant={[Function]}
        onResponderMove={[Function]}
        onResponderRelease={[Function]}
        onResponderTerminate={[Function]}
        onResponderTerminationRequest={[Function]}
        onStartShouldSetResponder={[Function]}
        style={
          Object {
            "alignItems": "center",
            "backgroundColor": "#A0CC71",
            "borderRadius": 16,
            "height": 32,
            "justifyContent": "center",
            "marginHorizontal": 4,
            "opacity": 1,
            "width": 32,
          }
        }
        testID={undefined}
        tvParallaxProperties={undefined}
      >
        <Text
          accessible={true}
          allowFontScaling={true}
          ellipsizeMode="tail"
          style={
            Object {
              "color": "#FFFFFF",
            }
          }
        >
          +
        </Text>
      </View>
    </View>
    <View
      style={
        Array [
          Object {
            "alignItems": "flex-start",
            "backgroundColor": "#FFFFFF",
            "justifyContent": "center",
            "marginBottom": 16,
            "marginHorizontal": 8,
            "padding": 8,
            "shadowColor": "#292B2C",
            "shadowOffset": Object {
              "height": 3,
              "width": 3,
            },
            "shadowOpacity": 0.16,
            "shadowRadius": 3,
            "width": 734,
          },
          Object {
            "alignItems": "center",
            "flexDirection": "row",
            "justifyContent": "flex-start",
          },
        ]
      }
    >
      <View
        style={
          Object {
            "alignItems": "center",
            "borderColor": "#F5F5F5",
            "borderRadius": 26,
            "borderWidth": 2,
            "height": 52,
            "justifyContent": "center",
            "marginRight": 8,
            "width": 52,
          }
        }
      >
        <Image
          source={
            Object {
              "uri": "https://raw.githubusercontent.com/nutritionfactsorg/daily-dozen-android/master/app/src/main/res/drawable-xxxhdpi/ic_beans.png",
            }
          }
          style={
            Object {
              "height": 30,
              "width": 30,
            }
          }
        />
      </View>
      <View
        style={
          Object {
            "flex": 1,
          }
        }
      >
        <Text
          accessible={true}
          allowFontScaling={true}
          ellipsizeMode="tail"
          style={
            Object {
              "fontSize": 14,
              "fontWeight": "bold",
            }
          }
        >
          Peas
        </Text>
        <View
          style={
            Array [
              Object {
                "backgroundColor": "#00B1B3",
                "borderRadius": 4,
                "height": 16,
                "marginVertical": 8,
                "width": 367,
              },
              Object {
                "backgroundColor": "#A0CC71",
                "height": 8,
                "marginVertical": 4,
              },
              Object {
                "width": 0,
              },
            ]
          }
        />
        <View
          style={
            Array [
              Object {
                "backgroundColor": "#F5F5F5",
                "borderRadius": 4,
                "height": 16,
                "marginBottom": -16,
                "top": -24,
                "width": 718,
                "zIndex": -1,
              },
              Object {
                "borderRadius": 2,
                "height": 8,
                "marginBottom": -8,
                "top": -12,
                "width": 572,
              },
            ]
          }
        />
        <Text
          accessible={true}
          allowFontScaling={true}
          ellipsizeMode="tail"
          style={undefined}
        >
          0
          /
          3
           Servings
        </Text>
      </View>
      <View
        accessibilityComponentType={undefined}
        accessibilityLabel={undefined}
        accessibilityTraits={undefined}
        accessible={true}
        hitSlop={undefined}
        isTVSelectable={true}
        onLayout={undefined}
        onResponderGrant={[Function]}
        onResponderMove={[Function]}
        onResponderRelease={[Function]}
        onResponderTerminate={[Function]}
        onResponderTerminationRequest={[Function]}
        onStartShouldSetResponder={[Function]}
        style={
          Object {
            "alignItems": "center",
            "borderColor": "#F5F5F5",
            "borderRadius": 16,
            "borderWidth": 2,
            "height": 32,
            "justifyContent": "center",
            "marginHorizontal": 4,
            "opacity": 1,
            "width": 32,
          }
        }
        testID={undefined}
        tvParallaxProperties={undefined}
      >
        <Text
          accessible={true}
          allowFontScaling={true}
          ellipsizeMode="tail"
          style={
            Object {
              "color": "#CCCCCC",
            }
          }
        >
          -
        </Text>
      </View>
      <View
        accessibilityComponentType={undefined}
        accessibilityLabel={undefined}
        accessibilityTraits={undefined}
        accessible={true}
        hitSlop={undefined}
        isTVSelectable={true}
        onLayout={undefined}
        onResponderGrant={[Function]}
        onResponderMove={[Function]}
        onResponderRelease={[Function]}
        onResponderTerminate={[Function]}
        onResponderTerminationRequest={[Function]}
        onStartShouldSetResponder={[Function]}
        style={
          Object {
            "alignItems": "center",
            "backgroundColor": "#A0CC71",
            "borderRadius": 16,
            "height": 32,
            "justifyContent": "center",
            "marginHorizontal": 4,
            "opacity": 1,
            "width": 32,
          }
        }
        testID={undefined}
        tvParallaxProperties={undefined}
      >
        <Text
          accessible={true}
          allowFontScaling={true}
          ellipsizeMode="tail"
          style={
            Object {
              "color": "#FFFFFF",
            }
          }
        >
          +
        </Text>
      </View>
    </View>
    <View
      style={
        Array [
          Object {
            "alignItems": "flex-start",
            "backgroundColor": "#FFFFFF",
            "justifyContent": "center",
            "marginBottom": 16,
            "marginHorizontal": 8,
            "padding": 8,
            "shadowColor": "#292B2C",
            "shadowOffset": Object {
              "height": 3,
              "width": 3,
            },
            "shadowOpacity": 0.16,
            "shadowRadius": 3,
            "width": 734,
          },
          Object {
            "alignItems": "center",
            "flexDirection": "row",
            "justifyContent": "flex-start",
          },
        ]
      }
    >
      <View
        style={
          Object {
            "alignItems": "center",
            "borderColor": "#F5F5F5",
            "borderRadius": 26,
            "borderWidth": 2,
            "height": 52,
            "justifyContent": "center",
            "marginRight": 8,
            "width": 52,
          }
        }
      >
        <Image
          source={
            Object {
              "uri": "https://raw.githubusercontent.com/nutritionfactsorg/daily-dozen-android/master/app/src/main/res/drawable-xxxhdpi/ic_beans.png",
            }
          }
          style={
            Object {
              "height": 30,
              "width": 30,
            }
          }
        />
      </View>
      <View
        style={
          Object {
            "flex": 1,
          }
        }
      >
        <Text
          accessible={true}
          allowFontScaling={true}
          ellipsizeMode="tail"
          style={
            Object {
              "fontSize": 14,
              "fontWeight": "bold",
            }
          }
        >
          Rhubarb
        </Text>
        <View
          style={
            Array [
              Object {
                "backgroundColor": "#00B1B3",
                "borderRadius": 4,
                "height": 16,
                "marginVertical": 8,
                "width": 367,
              },
              Object {
                "backgroundColor": "#A0CC71",
                "height": 8,
                "marginVertical": 4,
              },
              Object {
                "width": 0,
              },
            ]
          }
        />
        <View
          style={
            Array [
              Object {
                "backgroundColor": "#F5F5F5",
                "borderRadius": 4,
                "height": 16,
                "marginBottom": -16,
                "top": -24,
                "width": 718,
                "zIndex": -1,
              },
              Object {
                "borderRadius": 2,
                "height": 8,
                "marginBottom": -8,
                "top": -12,
                "width": 572,
              },
            ]
          }
        />
        <Text
          accessible={true}
          allowFontScaling={true}
          ellipsizeMode="tail"
          style={undefined}
        >
          0
          /
          3
           Servings
        </Text>
      </View>
      <View
        accessibilityComponentType={undefined}
        accessibilityLabel={undefined}
        accessibilityTraits={undefined}
        accessible={true}
        hitSlop={undefined}
        isTVSelectable={true}
        onLayout={undefined}
        onResponderGrant={[Function]}
        onResponderMove={[Function]}
        onResponderRelease={[Function]}
        onResponderTerminate={[Function]}
        onResponderTerminationRequest={[Function]}
        onStartShouldSetResponder={[Function]}
        style={
          Object {
            "alignItems": "center",
            "borderColor": "#F5F5F5",
            "borderRadius": 16,
            "borderWidth": 2,
            "height": 32,
            "justifyContent": "center",
            "marginHorizontal": 4,
            "opacity": 1,
            "width": 32,
          }
        }
        testID={undefined}
        tvParallaxProperties={undefined}
      >
        <Text
          accessible={true}
          allowFontScaling={true}
          ellipsizeMode="tail"
          style={
            Object {
              "color": "#CCCCCC",
            }
          }
        >
          -
        </Text>
      </View>
      <View
        accessibilityComponentType={undefined}
        accessibilityLabel={undefined}
        accessibilityTraits={undefined}
        accessible={true}
        hitSlop={undefined}
        isTVSelectable={true}
        onLayout={undefined}
        onResponderGrant={[Function]}
        onResponderMove={[Function]}
        onResponderRelease={[Function]}
        onResponderTerminate={[Function]}
        onResponderTerminationRequest={[Function]}
        onStartShouldSetResponder={[Function]}
        style={
          Object {
            "alignItems": "center",
            "backgroundColor": "#A0CC71",
            "borderRadius": 16,
            "height": 32,
            "justifyContent": "center",
            "marginHorizontal": 4,
            "opacity": 1,
            "width": 32,
          }
        }
        testID={undefined}
        tvParallaxProperties={undefined}
      >
        <Text
          accessible={true}
          allowFontScaling={true}
          ellipsizeMode="tail"
          style={
            Object {
              "color": "#FFFFFF",
            }
          }
        >
          +
        </Text>
      </View>
    </View>
    <View
      style={
        Array [
          Object {
            "alignItems": "flex-start",
            "backgroundColor": "#FFFFFF",
            "justifyContent": "center",
            "marginBottom": 16,
            "marginHorizontal": 8,
            "padding": 8,
            "shadowColor": "#292B2C",
            "shadowOffset": Object {
              "height": 3,
              "width": 3,
            },
            "shadowOpacity": 0.16,
            "shadowRadius": 3,
            "width": 734,
          },
          Object {
            "alignItems": "center",
            "flexDirection": "row",
            "justifyContent": "flex-start",
          },
        ]
      }
    >
      <View
        style={
          Object {
            "alignItems": "center",
            "borderColor": "#F5F5F5",
            "borderRadius": 26,
            "borderWidth": 2,
            "height": 52,
            "justifyContent": "center",
            "marginRight": 8,
            "width": 52,
          }
        }
      >
        <Image
          source={
            Object {
              "uri": "https://raw.githubusercontent.com/nutritionfactsorg/daily-dozen-android/master/app/src/main/res/drawable-xxxhdpi/ic_beans.png",
            }
          }
          style={
            Object {
              "height": 30,
              "width": 30,
            }
          }
        />
      </View>
      <View
        style={
          Object {
            "flex": 1,
          }
        }
      >
        <Text
          accessible={true}
          allowFontScaling={true}
          ellipsizeMode="tail"
          style={
            Object {
              "fontSize": 14,
              "fontWeight": "bold",
            }
          }
        >
          Donuts
        </Text>
        <View
          style={
            Array [
              Object {
                "backgroundColor": "#00B1B3",
                "borderRadius": 4,
                "height": 16,
                "marginVertical": 8,
                "width": 367,
              },
              Object {
                "backgroundColor": "#A0CC71",
                "height": 8,
                "marginVertical": 4,
              },
              Object {
                "width": 0,
              },
            ]
          }
        />
        <View
          style={
            Array [
              Object {
                "backgroundColor": "#F5F5F5",
                "borderRadius": 4,
                "height": 16,
                "marginBottom": -16,
                "top": -24,
                "width": 718,
                "zIndex": -1,
              },
              Object {
                "borderRadius": 2,
                "height": 8,
                "marginBottom": -8,
                "top": -12,
                "width": 572,
              },
            ]
          }
        />
        <Text
          accessible={true}
          allowFontScaling={true}
          ellipsizeMode="tail"
          style={undefined}
        >
          0
          /
          3
           Servings
        </Text>
      </View>
      <View
        accessibilityComponentType={undefined}
        accessibilityLabel={undefined}
        accessibilityTraits={undefined}
        accessible={true}
        hitSlop={undefined}
        isTVSelectable={true}
        onLayout={undefined}
        onResponderGrant={[Function]}
        onResponderMove={[Function]}
        onResponderRelease={[Function]}
        onResponderTerminate={[Function]}
        onResponderTerminationRequest={[Function]}
        onStartShouldSetResponder={[Function]}
        style={
          Object {
            "alignItems": "center",
            "borderColor": "#F5F5F5",
            "borderRadius": 16,
            "borderWidth": 2,
            "height": 32,
            "justifyContent": "center",
            "marginHorizontal": 4,
            "opacity": 1,
            "width": 32,
          }
        }
        testID={undefined}
        tvParallaxProperties={undefined}
      >
        <Text
          accessible={true}
          allowFontScaling={true}
          ellipsizeMode="tail"
          style={
            Object {
              "color": "#CCCCCC",
            }
          }
        >
          -
        </Text>
      </View>
      <View
        accessibilityComponentType={undefined}
        accessibilityLabel={undefined}
        accessibilityTraits={undefined}
        accessible={true}
        hitSlop={undefined}
        isTVSelectable={true}
        onLayout={undefined}
        onResponderGrant={[Function]}
        onResponderMove={[Function]}
        onResponderRelease={[Function]}
        onResponderTerminate={[Function]}
        onResponderTerminationRequest={[Function]}
        onStartShouldSetResponder={[Function]}
        style={
          Object {
            "alignItems": "center",
            "backgroundColor": "#A0CC71",
            "borderRadius": 16,
            "height": 32,
            "justifyContent": "center",
            "marginHorizontal": 4,
            "opacity": 1,
            "width": 32,
          }
        }
        testID={undefined}
        tvParallaxProperties={undefined}
      >
        <Text
          accessible={true}
          allowFontScaling={true}
          ellipsizeMode="tail"
          style={
            Object {
              "color": "#FFFFFF",
            }
          }
        >
          +
        </Text>
      </View>
    </View>
  </View>
</RCTScrollView>
`;
